../Drivers/CMSIS/Include/core_cm7.h:2660:26:ITM_SendChar	16	static,ignoring_inline_asm
../Core/Src/main.c:88:5:main	72	static
../Core/Src/main.c:156:6:SystemClock_Config	120	static
../Core/Src/main.c:216:13:MX_SPI1_Init	8	static
../Core/Src/main.c:264:13:MX_SPI2_Init	8	static
../Core/Src/main.c:312:13:MX_TIM2_Init	40	static
../Core/Src/main.c:357:13:MX_USART2_UART_Init	8	static
../Core/Src/main.c:405:13:MX_GPIO_Init	40	static
../Core/Src/main.c:430:8:get_dt	24	static
../Core/Src/main.c:437:6:HAL_TIM_PeriodElapsedCallback	16	static
../Core/Src/main.c:444:5:_write	32	static
../Core/Src/main.c:458:6:MPU_Config	24	static
../Core/Src/main.c:489:6:Error_Handler	4	static,ignoring_inline_asm
