../Drivers/CMSIS/Include/core_cm7.h:2660:26:ITM_SendChar	16	static,ignoring_inline_asm
../Core/Src/main.c:87:5:main	88	static
../Core/Src/main.c:163:6:SystemClock_Config	120	static
../Core/Src/main.c:223:13:MX_SPI1_Init	8	static
../Core/Src/main.c:271:13:MX_SPI2_Init	8	static
../Core/Src/main.c:319:13:MX_TIM2_Init	40	static
../Core/Src/main.c:364:13:MX_USART2_UART_Init	8	static
../Core/Src/main.c:412:13:MX_GPIO_Init	40	static
../Core/Src/main.c:437:8:get_dt	24	static
../Core/Src/main.c:444:6:HAL_TIM_PeriodElapsedCallback	16	static
../Core/Src/main.c:451:5:_write	32	static
../Core/Src/main.c:465:6:MPU_Config	24	static
../Core/Src/main.c:496:6:Error_Handler	4	static,ignoring_inline_asm
